{"alerts":[{"name":"PodOOMKilled","state":"firing","active_at":"2026-07-28T10:12:00Z","value":"1","labels":{"alertname":"PodOOMKilled","severity":"page"},"annotations":{"summary":"checkout pod OOMKilled twice"}},{"name":"HighErrorRate","state":"firing","active_at":"2026-07-28T09:45:00Z","value":"1","labels":{"alertname":"HighErrorRate","severity":"page"},"annotations":{"summary":"Error ratio above 5% for 10m"}}],"truncation":{"alerts_total":2,"alerts_returned":2}}