{"result_type":"vector","samples":[{"labels":{"namespace":"shop","pod":"checkout-7d9f"},"value":"42.7","timestamp":1753700000},{"labels":{"namespace":"shop","pod":"payments-5c4b"},"value":"3.14159","timestamp":1753700000}],"truncation":{"samples_total":2,"samples_returned":2},"annotations":{"warnings":["PromQL warning: bucket label \"le\" is missing or has a malformed value of \"\" for metric name \"kube_pod_container_status_ready\" (1:25)","PromQL warning: bucket label \"le\" is missing or has a malformed value of \"\" for metric name \"up\" (1:25)"],"warnings_total":2,"infos":["PromQL info: metric might not be a counter, name does not end in _total/_sum/_count/_bucket: \"kube_pod_container_status_ready\" (1:6)"],"infos_total":1}}